../Core/Src/main.c:100:5:main	8	static
../Core/Src/main.c:190:6:SystemClock_Config	88	static
../Core/Src/main.c:237:13:MX_ADC1_Init	24	static
../Core/Src/main.c:312:13:MX_I2C1_Init	8	static
../Core/Src/main.c:346:13:MX_RTC_Init	32	static
../Core/Src/main.c:409:13:MX_SPI1_Init	8	static
../Core/Src/main.c:447:13:MX_TIM1_Init	96	static
../Core/Src/main.c:530:13:MX_TIM3_Init	56	static
../Core/Src/main.c:579:13:MX_TIM4_Init	56	static
../Core/Src/main.c:628:13:MX_TIM5_Init	56	static
../Core/Src/main.c:677:13:MX_USART2_UART_Init	8	static
../Core/Src/main.c:710:13:MX_USART6_UART_Init	8	static
../Core/Src/main.c:743:13:MX_GPIO_Init	48	static
../Core/Src/main.c:799:6:StartDefaultTask	16	static
../Core/Src/main.c:818:6:HAL_TIM_PeriodElapsedCallback	16	static
../Core/Src/main.c:836:6:Error_Handler	4	static,ignoring_inline_asm
