../Core/Src/stm32f4xx_it.c:75:6:NMI_Handler	4	static
../Core/Src/stm32f4xx_it.c:90:6:HardFault_Handler	4	static
../Core/Src/stm32f4xx_it.c:105:6:MemManage_Handler	4	static
../Core/Src/stm32f4xx_it.c:120:6:BusFault_Handler	4	static
../Core/Src/stm32f4xx_it.c:135:6:UsageFault_Handler	4	static
../Core/Src/stm32f4xx_it.c:150:6:DebugMon_Handler	4	static
../Core/Src/stm32f4xx_it.c:170:6:TIM1_UP_TIM10_IRQHandler	8	static
../Core/Src/stm32f4xx_it.c:185:6:I2C1_EV_IRQHandler	8	static
../Core/Src/stm32f4xx_it.c:199:6:I2C1_ER_IRQHandler	8	static
../Core/Src/stm32f4xx_it.c:213:6:SPI1_IRQHandler	8	static
../Core/Src/stm32f4xx_it.c:227:6:USART2_IRQHandler	8	static
../Core/Src/stm32f4xx_it.c:241:6:EXTI15_10_IRQHandler	8	static
../Core/Src/stm32f4xx_it.c:255:6:USART6_IRQHandler	8	static
